<html>
<body>
<pre>
<h1>µVision Build Log</h1>
<h2>Tool Versions:</h2>
IDE-Version: ¶ÃVision V5.14.0.0
Copyright (C) 2015 ARM Ltd and ARM Germany GmbH. All rights reserved.
License Information: Dong Dong, Dong, LIC=0VR30-BFX17-ATD3F-65YAD-6PJ14-5DZS5
 
Tool Versions:
Toolchain:       MDK-ARM Professional  Version: 5.14.0.0
Toolchain Path:  D:\MDK\ARM\ARMCC\Bin
C Compiler:      Armcc.exe V5.05 update 1 (build 106)
Assembler:       Armasm.exe V5.05 update 1 (build 106)
Linker/Locator:  ArmLink.exe V5.05 update 1 (build 106)
Library Manager: ArmAr.exe V5.05 update 1 (build 106)
Hex Converter:   FromElf.exe V5.05 update 1 (build 106)
CPU DLL:         SARMCM3.DLL V5.14.0.0
Dialog DLL:      DCM.DLL V1.13.1.0
Target DLL:      STLink\ST-LINKIII-KEIL_SWO.dll V2.0.14.0_KEIL
Dialog DLL:      TCM.DLL V1.14.4.0
 
<h2>Project:</h2>
C:\Users\Dong\Desktop\Wind_Tunnel\MDK-ARM\Wind_Tunnel.uvprojx
Project File Date:  03/24/2021

<h2>Output:</h2>
Build target 'Wind_Tunnel'
compiling stm32f1xx_it.c...
../Core/Src/stm32f1xx_it.c(229): warning:  #223-D: function "printf" declared implicitly
        printf("π ’œ¬Î£∫%d\r\n",Distance_Data);
../Core/Src/stm32f1xx_it.c(233): warning:  #223-D: function "printf" declared implicitly
        printf("Distance:%.1f\r\n",97.4-((float)Distance_Data)/10);
../Core/Src/stm32f1xx_it.c(218): warning:  #550-D: variable "len" was set but never used
    unsigned char len;
../Core/Src/stm32f1xx_it.c(219): warning:  #177-D: variable "data" was declared but never referenced
    unsigned char data[4];
../Core/Src/stm32f1xx_it.c(220): warning:  #177-D: variable "datax" was declared but never referenced
    unsigned char datax;
../Core/Src/stm32f1xx_it.c: 5 warnings, 0 errors
linking...
Program Size: Code=11080 RO-data=292 RW-data=36 ZI-data=1700  
FromELF: creating hex file...
"Wind_Tunnel\Wind_Tunnel.axf" - 0 Error(s), 5 Warning(s).

<h2>Software Packages used:</h2>

Package Vendor: ARM
                http://www.keil.com/pack/ARM.CMSIS.4.2.0.pack
                ARM::CMSIS:CORE:3.40.0
                CMSIS (Cortex Microcontroller Software Interface Standard)
   * Component: CORE Version: 3.40.0

<h2>Collection of Component include folders:</h2>
  C:\Users\Dong\Desktop\Wind_Tunnel\MDK-ARM\RTE
  D:\MDK\ARM\PACK\ARM\CMSIS\4.2.0\CMSIS\Include
  D:\MDK\ARM\PACK\Keil\STM32F1xx_DFP\2.2.0

<h2>Collection of Component Files used:</h2>

   * Component: ARM::CMSIS:CORE:3.40.0
      Source file:   CMSIS\UserCodeTemplates\ARM\ITM_Retarget.c
</pre>
</body>
</html>
